// Jest Snapshot v1, https://goo.gl/fbAQLP

exports[`should match snapshot 1`] = `
<div>
  <form>
    <label
      htmlFor="login__username"
    >
      Username: 
    </label>
    <input
      id="login__username"
      type="text"
    />
    <label
      htmlFor="login__password"
    >
      Password: 
    </label>
    <input
      id="login__password"
      type="text"
    />
    <button
      onClick={[MockFunction]}
      type="button"
    >
      Log In
    </button>
  </form>
</div>
`;
